
$ git clone --depth 1 --recurse-submodules --shallow-submodules git@github.com:annajcy/rtr2.git  (cwd=repos)
Cloning into 'rtr2'...
Updating files:  42% (309/726)
Updating files:  43% (313/726)
Updating files:  44% (320/726)
Updating files:  45% (327/726)
Updating files:  46% (334/726)
Updating files:  47% (342/726)
Updating files:  48% (349/726)
Updating files:  49% (356/726)
Updating files:  50% (363/726)
Updating files:  51% (371/726)
Updating files:  52% (378/726)
Updating files:  53% (385/726)
Updating files:  54% (393/726)
Updating files:  55% (400/726)
Updating files:  56% (407/726)
Updating files:  57% (414/726)
Updating files:  58% (422/726)
Updating files:  59% (429/726)
Updating files:  60% (436/726)
Updating files:  61% (443/726)
Updating files:  62% (451/726)
Updating files:  63% (458/726)
Updating files:  64% (465/726)
Updating files:  65% (472/726)
Updating files:  66% (480/726)
Updating files:  67% (487/726)
Updating files:  68% (494/726)
Updating files:  69% (501/726)
Updating files:  70% (509/726)
Updating files:  71% (516/726)
Updating files:  72% (523/726)
Updating files:  73% (530/726)
Updating files:  74% (538/726)
Updating files:  75% (545/726)
Updating files:  76% (552/726)
Updating files:  77% (560/726)
Updating files:  78% (567/726)
Updating files:  78% (573/726)
Updating files:  79% (574/726)
Updating files:  80% (581/726)
Updating files:  81% (589/726)
Updating files:  82% (596/726)
Updating files:  83% (603/726)
Updating files:  84% (610/726)
Updating files:  85% (618/726)
Updating files:  86% (625/726)
Updating files:  87% (632/726)
Updating files:  88% (639/726)
Updating files:  89% (647/726)
Updating files:  90% (654/726)
Updating files:  91% (661/726)
Updating files:  92% (668/726)
Updating files:  93% (676/726)
Updating files:  94% (683/726)
Updating files:  95% (690/726)
Updating files:  96% (697/726)
Updating files:  97% (705/726)
Updating files:  98% (712/726)
Updating files:  99% (719/726)
Updating files: 100% (726/726)
Updating files: 100% (726/726), done.
Submodule 'external/fTetWild' (https://github.com/wildmeshing/fTetWild.git) registered for path 'external/fTetWild'
Submodule 'external/pbpt' (git@github.com:annajcy/pbpt.git) registered for path 'external/pbpt'
Cloning into '/gpfs/work5/0/prjs2109/dataset/repos/rtr2/external/fTetWild'...
Cloning into '/gpfs/work5/0/prjs2109/dataset/repos/rtr2/external/pbpt'...
From https://github.com/wildmeshing/fTetWild
 * branch            1020c2d721ff1cc6001991b436a57bd4deaf8e4c -> FETCH_HEAD
Submodule path 'external/fTetWild': checked out '1020c2d721ff1cc6001991b436a57bd4deaf8e4c'
Submodule path 'external/pbpt': checked out '925cb65b523afd34459e9561820332876f86cc3f'
