
$ cmake --build build -j  (cwd=repos/llm_on_riscv)
[  7%] Building CXX object src/core/CMakeFiles/core.dir/memory/memory_pool.cpp.o
[  7%] Building CXX object src/core/CMakeFiles/core.dir/tensor/tensor.cpp.o
[  7%] Building CXX object third_party/gtest/googletest/CMakeFiles/gtest.dir/src/gtest-all.cc.o
[  7%] Building CXX object src/core/CMakeFiles/core.dir/hello.cpp.o
[  9%] Linking CXX static library libcore.a
[  9%] Built target core
[ 11%] Building CXX object src/CMakeFiles/llm_on_riscv.dir/main.cpp.o
[ 13%] Linking CXX executable llm_on_riscv
[ 13%] Built target llm_on_riscv
[ 15%] Linking CXX static library ../../../lib/libgtest.a
[ 15%] Built target gtest
[ 17%] Building CXX object third_party/gtest/googlemock/CMakeFiles/gmock.dir/src/gmock-all.cc.o
[ 19%] Building CXX object third_party/gtest/googletest/CMakeFiles/gtest_main.dir/src/gtest_main.cc.o
[ 21%] Linking CXX static library ../../../lib/libgtest_main.a
[ 21%] Built target gtest_main
[ 23%] Building CXX object tests/CMakeFiles/test_hello.dir/test_hello.cpp.o
[ 25%] Building CXX object tests/CMakeFiles/test_skip_simplified_layernorm.dir/test_skip_simplified_layernorm.cpp.o
[ 28%] Building CXX object tests/CMakeFiles/test_unsqueeze.dir/test_unsqueeze.cpp.o
[ 28%] Building CXX object tests/CMakeFiles/test_matmul.dir/test_matmul.cpp.o
[ 38%] Building CXX object tests/CMakeFiles/test_gather.dir/test_gather.cpp.o
[ 38%] Building CXX object tests/CMakeFiles/test_constant.dir/test_constant.cpp.o
[ 38%] Building CXX object tests/CMakeFiles/test_group_query_attention.dir/test_group_query_attention.cpp.o
[ 48%] Building CXX object tests/CMakeFiles/test_transpose.dir/test_transpose.cpp.o
[ 48%] Building CXX object tests/CMakeFiles/test_rotary_embedding.dir/test_rotary_embedding.cpp.o
[ 48%] Building CXX object tests/CMakeFiles/test_mul.dir/test_mul.cpp.o
[ 50%] Building CXX object tests/CMakeFiles/test_concat.dir/test_concat.cpp.o
[ 50%] Building CXX object tests/CMakeFiles/test_reduce_sum.dir/test_reduce_sum.cpp.o
[ 48%] Building CXX object tests/CMakeFiles/test_simplified_layernorm.dir/test_simplified_layernorm.cpp.o
[ 48%] Building CXX object tests/CMakeFiles/test_sub.dir/test_sub.cpp.o
[ 50%] Building CXX object tests/CMakeFiles/test_shape.dir/test_shape.cpp.o
[ 51%] Building CXX object tests/CMakeFiles/test_cast.dir/test_cast.cpp.o
[ 53%] Building CXX object tests/CMakeFiles/test_sigmoid.dir/test_sigmoid.cpp.o
[ 55%] Building CXX object tests/CMakeFiles/test_add.dir/test_add.cpp.o
[ 57%] Building CXX object tests/CMakeFiles/test_reshape.dir/test_reshape.cpp.o
[ 59%] Linking CXX static library ../../../lib/libgmock.a
[ 61%] Linking CXX executable test_hello
[ 61%] Built target gmock
[ 63%] Building CXX object third_party/gtest/googlemock/CMakeFiles/gmock_main.dir/src/gmock_main.cc.o
[ 63%] Built target test_hello
[ 65%] Linking CXX executable test_add
[ 65%] Built target test_add
[ 67%] Linking CXX static library ../../../lib/libgmock_main.a
[ 67%] Built target gmock_main
[ 69%] Linking CXX executable test_unsqueeze
[ 71%] Linking CXX executable test_mul
[ 71%] Built target test_unsqueeze
[ 71%] Built target test_mul
[ 73%] Linking CXX executable test_constant
[ 75%] Linking CXX executable test_sub
[ 76%] Linking CXX executable test_transpose
[ 78%] Linking CXX executable test_reshape
[ 78%] Built target test_constant
[ 78%] Built target test_sub
[ 78%] Built target test_transpose
[ 80%] Linking CXX executable test_cast
[ 84%] Linking CXX executable test_reduce_sum
[ 84%] Linking CXX executable test_gather
[ 86%] Linking CXX executable test_concat
[ 86%] Built target test_reshape
[ 86%] Built target test_cast
[ 86%] Built target test_gather
[ 86%] Built target test_reduce_sum
[ 88%] Linking CXX executable test_skip_simplified_layernorm
[ 88%] Built target test_concat
[ 90%] Linking CXX executable test_simplified_layernorm
[ 92%] Linking CXX executable test_shape
[ 92%] Built target test_skip_simplified_layernorm
[ 92%] Built target test_simplified_layernorm
[ 94%] Linking CXX executable test_sigmoid
[ 94%] Built target test_shape
[ 94%] Built target test_sigmoid
[ 96%] Linking CXX executable test_matmul
[ 96%] Built target test_matmul
[ 98%] Linking CXX executable test_rotary_embedding
[ 98%] Built target test_rotary_embedding
[100%] Linking CXX executable test_group_query_attention
[100%] Built target test_group_query_attention
