
$ cmake -S . -B build -DCMAKE_BUILD_TYPE=Release -DBUILD_TESTING=ON -DBUILD_TESTS=ON  (cwd=repos/decode-orc)
-- The C compiler identification is GNU 14.2.0
-- The CXX compiler identification is GNU 14.2.0
-- Detecting C compiler ABI info
-- Detecting C compiler ABI info - done
-- Check for working C compiler: /sw/arch/RHEL9/EB_production/2025/software/GCCcore/14.2.0/bin/cc - skipped
-- Detecting C compile features
-- Detecting C compile features - done
-- Detecting CXX compiler ABI info
-- Detecting CXX compiler ABI info - done
-- Check for working CXX compiler: /sw/arch/RHEL9/EB_production/2025/software/GCCcore/14.2.0/bin/c++ - skipped
-- Detecting CXX compile features
-- Detecting CXX compile features - done
CMake Error at CMakeLists.txt:32 (find_package):
  By not providing "Findspdlog.cmake" in CMAKE_MODULE_PATH this project has
  asked CMake to find a package configuration file provided by "spdlog", but
  CMake did not find one.

  Could not find a package configuration file provided by "spdlog" with any
  of the following names:

    spdlogConfig.cmake
    spdlog-config.cmake

  Add the installation prefix of "spdlog" to CMAKE_PREFIX_PATH or set
  "spdlog_DIR" to a directory containing one of the above files.  If "spdlog"
  provides a separate development package or SDK, be sure it has been
  installed.


-- Configuring incomplete, errors occurred!
