
$ cmake -S . -B build -DCMAKE_BUILD_TYPE=Release -DBUILD_TESTING=ON -DBUILD_TESTS=ON  (cwd=repos/engine_playground)
-- The CXX compiler identification is GNU 14.2.0
-- Detecting CXX compiler ABI info
-- Detecting CXX compiler ABI info - done
-- Check for working CXX compiler: /sw/arch/RHEL9/EB_production/2025/software/GCCcore/14.2.0/bin/c++ - skipped
-- Detecting CXX compile features
-- Detecting CXX compile features - done
CMake Error at CMakeLists.txt:13 (find_package):
  By not providing "FindSDL2.cmake" in CMAKE_MODULE_PATH this project has
  asked CMake to find a package configuration file provided by "SDL2", but
  CMake did not find one.

  Could not find a package configuration file provided by "SDL2" with any of
  the following names:

    SDL2Config.cmake
    sdl2-config.cmake

  Add the installation prefix of "SDL2" to CMAKE_PREFIX_PATH or set
  "SDL2_DIR" to a directory containing one of the above files.  If "SDL2"
  provides a separate development package or SDK, be sure it has been
  installed.


-- Configuring incomplete, errors occurred!
