
$ cmake -S . -B build -DCMAKE_BUILD_TYPE=Release -DBUILD_TESTING=ON -DBUILD_TESTS=ON  (cwd=repos/llm_on_riscv)
-- The CXX compiler identification is GNU 14.2.0
-- Detecting CXX compiler ABI info
-- Detecting CXX compiler ABI info - done
-- Check for working CXX compiler: /sw/arch/RHEL9/EB_production/2025/software/GCCcore/14.2.0/bin/c++ - skipped
-- Detecting CXX compile features
-- Detecting CXX compile features - done
-- The C compiler identification is GNU 14.2.0
-- Detecting C compiler ABI info
-- Detecting C compiler ABI info - done
-- Check for working C compiler: /sw/arch/RHEL9/EB_production/2025/software/GCCcore/14.2.0/bin/cc - skipped
-- Detecting C compile features
-- Detecting C compile features - done
-- 
-- Configured Eigen 5.0.1
-- 
-- Performing Test CMAKE_HAVE_LIBC_PTHREAD
-- Performing Test CMAKE_HAVE_LIBC_PTHREAD - Success
-- Found Threads: TRUE
-- Configuring done (2.9s)
-- Generating done (1.0s)
-- Build files have been written to: /gpfs/work5/0/prjs2109/dataset/repos/llm_on_riscv/build
