
$ cmake -S . -B build -DCMAKE_BUILD_TYPE=Release -DBUILD_TESTING=ON -DBUILD_TESTS=ON  (cwd=repos/mujoco)
-- The C compiler identification is GNU 14.2.0
-- The CXX compiler identification is GNU 14.2.0
-- Detecting C compiler ABI info
-- Detecting C compiler ABI info - done
-- Check for working C compiler: /sw/arch/RHEL9/EB_production/2025/software/GCCcore/14.2.0/bin/cc - skipped
-- Detecting C compile features
-- Detecting C compile features - done
-- Detecting CXX compiler ABI info
-- Detecting CXX compiler ABI info - done
-- Check for working CXX compiler: /sw/arch/RHEL9/EB_production/2025/software/GCCcore/14.2.0/bin/c++ - skipped
-- Detecting CXX compile features
-- Detecting CXX compile features - done
-- Performing Test CAN_BUILD_AVX
-- Performing Test CAN_BUILD_AVX - Success
CMake Warning (dev) at /gpfs/admin/_hpc/sw/arch/AMD-ZEN2/RHEL9/EB_production/2025/software/CMake/3.31.3-GCCcore-14.2.0/share/cmake-3.31/Modules/FetchContent.cmake:1953 (message):
  Calling FetchContent_Populate(lodepng) is deprecated, call
  FetchContent_MakeAvailable(lodepng) instead.  Policy CMP0169 can be set to
  OLD to allow FetchContent_Populate(lodepng) to be called directly for now,
  but the ability to call it with declared details will be removed completely
  in a future version.
Call Stack (most recent call first):
  cmake/MujocoDependencies.cmake:96 (FetchContent_Populate)
  CMakeLists.txt:111 (include)
This warning is for project developers.  Use -Wno-dev to suppress it.

CMake Warning (dev) at /gpfs/admin/_hpc/sw/arch/AMD-ZEN2/RHEL9/EB_production/2025/software/CMake/3.31.3-GCCcore-14.2.0/share/cmake-3.31/Modules/FetchContent.cmake:1953 (message):
  Calling FetchContent_Populate(marchingcubecpp) is deprecated, call
  FetchContent_MakeAvailable(marchingcubecpp) instead.  Policy CMP0169 can be
  set to OLD to allow FetchContent_Populate(marchingcubecpp) to be called
  directly for now, but the ability to call it with declared details will be
  removed completely in a future version.
Call Stack (most recent call first):
  cmake/MujocoDependencies.cmake:120 (FetchContent_Populate)
  CMakeLists.txt:111 (include)
This warning is for project developers.  Use -Wno-dev to suppress it.

-- mujoco::FindOrFetch: checking for targets in package `qhull`
-- mujoco::FindOrFetch: checking for targets in package `qhull` - target `qhull` not defined.
-- mujoco::FindOrFetch: Using FetchContent to retrieve `qhull`
CMake Warning (dev) at /gpfs/admin/_hpc/sw/arch/AMD-ZEN2/RHEL9/EB_production/2025/software/CMake/3.31.3-GCCcore-14.2.0/share/cmake-3.31/Modules/FetchContent.cmake:1953 (message):
  Calling FetchContent_Populate(qhull) is deprecated, call
  FetchContent_MakeAvailable(qhull) instead.  Policy CMP0169 can be set to
  OLD to allow FetchContent_Populate(qhull) to be called directly for now,
  but the ability to call it with declared details will be removed completely
  in a future version.
Call Stack (most recent call first):
  cmake/FindOrFetch.cmake:128 (FetchContent_Populate)
  cmake/MujocoDependencies.cmake:131 (findorfetch)
  CMakeLists.txt:111 (include)
This warning is for project developers.  Use -Wno-dev to suppress it.

-- Looking for sys/types.h
-- Looking for sys/types.h - found
-- Looking for inttypes.h
-- Looking for inttypes.h - found
-- Looking for stddef.h
-- Looking for stddef.h - found
-- Looking for stdint.h
-- Looking for stdint.h - found
-- Check size of off_t
-- Check size of off_t - done
-- Looking for fseeko
-- Looking for fseeko - found
-- Looking for ftello
-- Looking for ftello - found
-- Looking for PRIdMAX
-- Looking for PRIdMAX - found
-- 
-- ========== qhull Build Information ==========
-- Build Version:                             8.1-alpha3
-- Install Prefix (CMAKE_INSTALL_PREFIX):     /usr/local
-- Binary Directory (CMAKE_INSTALL_BINDIR):   bin
-- Library Directory (CMAKE_INSTALL_LIBDIR):  lib64
-- Include Directory (CMAKE_INSTALL_INCLUDEDIR): include
-- Documentation Directory (CMAKE_INSTALL_DOCDIR): share/doc/mujoco
-- Man Pages Directory (CMAKE_INSTALL_MANDIR): share/man
-- Build Type (CMAKE_BUILD_TYPE):             Release
-- Build static libraries:                    ON
-- Build shared library:                      OFF
-- Use shared library for linking apps:       OFF
-- Build tests:				   OFF
-- To override these options, add -D{OPTION_NAME}=... to the cmake command
--   Build the debug targets                  -DCMAKE_BUILD_TYPE=Debug
-- 
-- To build and install qhull, enter "make" and "make install"
-- To smoketest qhull, enter "ctest"
-- 
-- mujoco::FindOrFetch: Using FetchContent to retrieve `qhull` - Done
-- mujoco::FindOrFetch: checking for targets in package `tinyxml2`
-- mujoco::FindOrFetch: checking for targets in package `tinyxml2` - target `tinyxml2` not defined.
-- mujoco::FindOrFetch: Using FetchContent to retrieve `tinyxml2`
CMake Warning (dev) at /gpfs/admin/_hpc/sw/arch/AMD-ZEN2/RHEL9/EB_production/2025/software/CMake/3.31.3-GCCcore-14.2.0/share/cmake-3.31/Modules/FetchContent.cmake:1953 (message):
  Calling FetchContent_Populate(tinyxml2) is deprecated, call
  FetchContent_MakeAvailable(tinyxml2) instead.  Policy CMP0169 can be set to
  OLD to allow FetchContent_Populate(tinyxml2) to be called directly for now,
  but the ability to call it with declared details will be removed completely
  in a future version.
Call Stack (most recent call first):
  cmake/FindOrFetch.cmake:128 (FetchContent_Populate)
  cmake/MujocoDependencies.cmake:156 (findorfetch)
  CMakeLists.txt:111 (include)
This warning is for project developers.  Use -Wno-dev to suppress it.

-- mujoco::FindOrFetch: Using FetchContent to retrieve `tinyxml2` - Done
-- mujoco::FindOrFetch: checking for targets in package `tinyobjloader`
-- mujoco::FindOrFetch: checking for targets in package `tinyobjloader` - target `tinyobjloader` not defined.
-- mujoco::FindOrFetch: Using FetchContent to retrieve `tinyobjloader`
CMake Warning (dev) at /gpfs/admin/_hpc/sw/arch/AMD-ZEN2/RHEL9/EB_production/2025/software/CMake/3.31.3-GCCcore-14.2.0/share/cmake-3.31/Modules/FetchContent.cmake:1953 (message):
  Calling FetchContent_Populate(tinyobjloader) is deprecated, call
  FetchContent_MakeAvailable(tinyobjloader) instead.  Policy CMP0169 can be
  set to OLD to allow FetchContent_Populate(tinyobjloader) to be called
  directly for now, but the ability to call it with declared details will be
  removed completely in a future version.
Call Stack (most recent call first):
  cmake/FindOrFetch.cmake:128 (FetchContent_Populate)
  cmake/MujocoDependencies.cmake:179 (findorfetch)
  CMakeLists.txt:111 (include)
This warning is for project developers.  Use -Wno-dev to suppress it.

CMake Deprecation Warning at build/_deps/tinyobjloader-src/CMakeLists.txt:5 (cmake_minimum_required):
  Compatibility with CMake < 3.10 will be removed from a future version of
  CMake.

  Update the VERSION argument <min> value.  Or, use the <min>...<max> syntax
  to tell CMake that the project requires at least <min> but has been updated
  to work with policies introduced by <max> or earlier.


-- mujoco::FindOrFetch: Using FetchContent to retrieve `tinyobjloader` - Done
-- mujoco::FindOrFetch: checking for targets in package `ccd`
-- mujoco::FindOrFetch: checking for targets in package `ccd` - target `ccd` not defined.
-- mujoco::FindOrFetch: Using FetchContent to retrieve `ccd`
CMake Warning (dev) at /gpfs/admin/_hpc/sw/arch/AMD-ZEN2/RHEL9/EB_production/2025/software/CMake/3.31.3-GCCcore-14.2.0/share/cmake-3.31/Modules/FetchContent.cmake:1953 (message):
  Calling FetchContent_Populate(ccd) is deprecated, call
  FetchContent_MakeAvailable(ccd) instead.  Policy CMP0169 can be set to OLD
  to allow FetchContent_Populate(ccd) to be called directly for now, but the
  ability to call it with declared details will be removed completely in a
  future version.
Call Stack (most recent call first):
  cmake/FindOrFetch.cmake:128 (FetchContent_Populate)
  cmake/MujocoDependencies.cmake:212 (findorfetch)
  CMakeLists.txt:111 (include)
This warning is for project developers.  Use -Wno-dev to suppress it.

CMake Deprecation Warning at build/_deps/ccd-src/CMakeLists.txt:1 (cmake_minimum_required):
  Compatibility with CMake < 3.10 will be removed from a future version of
  CMake.

  Update the VERSION argument <min> value.  Or, use the <min>...<max> syntax
  to tell CMake that the project requires at least <min> but has been updated
  to work with policies introduced by <max> or earlier.


CMake Warning (dev) at build/_deps/ccd-src/CMakeLists.txt:9 (project):
  Policy CMP0048 is not set: project() command manages VERSION variables.
  Run "cmake --help-policy CMP0048" for policy details.  Use the cmake_policy
  command to set the policy and suppress this warning.

  The following variable(s) would be set to empty:

    PROJECT_VERSION
    PROJECT_VERSION_MAJOR
    PROJECT_VERSION_MINOR
    PROJECT_VERSION_PATCH
This warning is for project developers.  Use -Wno-dev to suppress it.

-- Performing Test COMPILER_SUPPORTS_VISIBILITY
-- Performing Test COMPILER_SUPPORTS_VISIBILITY - Success
-- mujoco::FindOrFetch: Using FetchContent to retrieve `ccd` - Done
-- mujoco::FindOrFetch: checking for targets in package `absl`
-- mujoco::FindOrFetch: checking for targets in package `absl` - target `absl::core_headers` not defined.
-- mujoco::FindOrFetch: Using FetchContent to retrieve `abseil-cpp`
CMake Warning (dev) at /gpfs/admin/_hpc/sw/arch/AMD-ZEN2/RHEL9/EB_production/2025/software/CMake/3.31.3-GCCcore-14.2.0/share/cmake-3.31/Modules/FetchContent.cmake:1953 (message):
  Calling FetchContent_Populate(abseil-cpp) is deprecated, call
  FetchContent_MakeAvailable(abseil-cpp) instead.  Policy CMP0169 can be set
  to OLD to allow FetchContent_Populate(abseil-cpp) to be called directly for
  now, but the ability to call it with declared details will be removed
  completely in a future version.
Call Stack (most recent call first):
  cmake/FindOrFetch.cmake:128 (FetchContent_Populate)
  cmake/MujocoDependencies.cmake:257 (findorfetch)
  CMakeLists.txt:111 (include)
This warning is for project developers.  Use -Wno-dev to suppress it.

-- Performing Test ABSL_INTERNAL_AT_LEAST_CXX17
-- Performing Test ABSL_INTERNAL_AT_LEAST_CXX17 - Success
-- Performing Test ABSL_INTERNAL_AT_LEAST_CXX20
-- Performing Test ABSL_INTERNAL_AT_LEAST_CXX20 - Success
-- Performing Test CMAKE_HAVE_LIBC_PTHREAD
-- Performing Test CMAKE_HAVE_LIBC_PTHREAD - Success
-- Found Threads: TRUE
-- mujoco::FindOrFetch: Using FetchContent to retrieve `abseil-cpp` - Done
-- mujoco::FindOrFetch: checking for targets in package `GTest`
-- mujoco::FindOrFetch: checking for targets in package `GTest` - target `gtest` not defined.
-- mujoco::FindOrFetch: Using FetchContent to retrieve `googletest`
CMake Warning (dev) at /gpfs/admin/_hpc/sw/arch/AMD-ZEN2/RHEL9/EB_production/2025/software/CMake/3.31.3-GCCcore-14.2.0/share/cmake-3.31/Modules/FetchContent.cmake:1953 (message):
  Calling FetchContent_Populate(googletest) is deprecated, call
  FetchContent_MakeAvailable(googletest) instead.  Policy CMP0169 can be set
  to OLD to allow FetchContent_Populate(googletest) to be called directly for
  now, but the ability to call it with declared details will be removed
  completely in a future version.
Call Stack (most recent call first):
  cmake/FindOrFetch.cmake:128 (FetchContent_Populate)
  cmake/MujocoDependencies.cmake:287 (findorfetch)
  CMakeLists.txt:111 (include)
This warning is for project developers.  Use -Wno-dev to suppress it.

-- mujoco::FindOrFetch: Using FetchContent to retrieve `googletest` - Done
-- mujoco::FindOrFetch: checking for targets in package `benchmark`
-- mujoco::FindOrFetch: checking for targets in package `benchmark` - target `benchmark::benchmark` not defined.
-- mujoco::FindOrFetch: Using FetchContent to retrieve `benchmark`
CMake Warning (dev) at /gpfs/admin/_hpc/sw/arch/AMD-ZEN2/RHEL9/EB_production/2025/software/CMake/3.31.3-GCCcore-14.2.0/share/cmake-3.31/Modules/FetchContent.cmake:1953 (message):
  Calling FetchContent_Populate(benchmark) is deprecated, call
  FetchContent_MakeAvailable(benchmark) instead.  Policy CMP0169 can be set
  to OLD to allow FetchContent_Populate(benchmark) to be called directly for
  now, but the ability to call it with declared details will be removed
  completely in a future version.
Call Stack (most recent call first):
  cmake/FindOrFetch.cmake:128 (FetchContent_Populate)
  cmake/MujocoDependencies.cmake:319 (findorfetch)
  CMakeLists.txt:111 (include)
This warning is for project developers.  Use -Wno-dev to suppress it.

-- Failed to find LLVM FileCheck
-- Found Git: /usr/bin/git (found version "2.47.3")
-- Google Benchmark version: v1.9.4-98-g5c55f5d4, normalized to 1.9.4.98
-- Looking for shm_open in rt
-- Looking for shm_open in rt - found
-- Performing Test HAVE_CXX_FLAG_WALL
-- Performing Test HAVE_CXX_FLAG_WALL - Success
-- Performing Test HAVE_CXX_FLAG_WEXTRA
-- Performing Test HAVE_CXX_FLAG_WEXTRA - Success
-- Performing Test HAVE_CXX_FLAG_WSHADOW
-- Performing Test HAVE_CXX_FLAG_WSHADOW - Success
-- Performing Test HAVE_CXX_FLAG_WFLOAT_EQUAL
-- Performing Test HAVE_CXX_FLAG_WFLOAT_EQUAL - Success
-- Performing Test HAVE_CXX_FLAG_WOLD_STYLE_CAST
-- Performing Test HAVE_CXX_FLAG_WOLD_STYLE_CAST - Success
-- Performing Test HAVE_CXX_FLAG_WCONVERSION
-- Performing Test HAVE_CXX_FLAG_WCONVERSION - Success
-- Performing Test HAVE_CXX_FLAG_WFORMAT_2
-- Performing Test HAVE_CXX_FLAG_WFORMAT_2 - Success
-- Performing Test HAVE_CXX_FLAG_WERROR
-- Performing Test HAVE_CXX_FLAG_WERROR - Success
-- Performing Test HAVE_CXX_FLAG_WSUGGEST_OVERRIDE
-- Performing Test HAVE_CXX_FLAG_WSUGGEST_OVERRIDE - Success
-- Performing Test HAVE_CXX_FLAG_PEDANTIC
-- Performing Test HAVE_CXX_FLAG_PEDANTIC - Success
-- Performing Test HAVE_CXX_FLAG_PEDANTIC_ERRORS
-- Performing Test HAVE_CXX_FLAG_PEDANTIC_ERRORS - Success
-- Performing Test HAVE_CXX_FLAG_WSHORTEN_64_TO_32
-- Performing Test HAVE_CXX_FLAG_WSHORTEN_64_TO_32 - Failed
-- Performing Test HAVE_CXX_FLAG_FSTRICT_ALIASING
-- Performing Test HAVE_CXX_FLAG_FSTRICT_ALIASING - Success
-- Performing Test HAVE_CXX_FLAG_WNO_DEPRECATED_DECLARATIONS
-- Performing Test HAVE_CXX_FLAG_WNO_DEPRECATED_DECLARATIONS - Success
-- Performing Test HAVE_CXX_FLAG_WNO_DEPRECATED
-- Performing Test HAVE_CXX_FLAG_WNO_DEPRECATED - Success
-- Performing Test HAVE_CXX_FLAG_WSTRICT_ALIASING
-- Performing Test HAVE_CXX_FLAG_WSTRICT_ALIASING - Success
-- Performing Test HAVE_CXX_FLAG_WTHREAD_SAFETY
-- Performing Test HAVE_CXX_FLAG_WTHREAD_SAFETY - Failed
-- Performing Test HAVE_CXX_FLAG_COVERAGE
-- Performing Test HAVE_CXX_FLAG_COVERAGE - Success
-- Performing Test STD_REGEX -- success
-- Performing Test STEADY_CLOCK -- success
-- Performing Test PTHREAD_AFFINITY -- success
-- mujoco::FindOrFetch: Using FetchContent to retrieve `benchmark` - Done
CMake Warning (dev) at /gpfs/admin/_hpc/sw/arch/AMD-ZEN2/RHEL9/EB_production/2025/software/CMake/3.31.3-GCCcore-14.2.0/share/cmake-3.31/Modules/FetchContent.cmake:1953 (message):
  Calling FetchContent_Populate(Eigen3) is deprecated, call
  FetchContent_MakeAvailable(Eigen3) instead.  Policy CMP0169 can be set to
  OLD to allow FetchContent_Populate(Eigen3) to be called directly for now,
  but the ability to call it with declared details will be removed completely
  in a future version.
Call Stack (most recent call first):
  cmake/MujocoDependencies.cmake:352 (FetchContent_Populate)
  CMakeLists.txt:111 (include)
This warning is for project developers.  Use -Wno-dev to suppress it.

-- mujoco::FindOrFetch: checking for targets in package `mujoco`
-- mujoco::FindOrFetch: checking for targets in package `mujoco` - found
-- mujoco::FindOrFetch: checking for targets in package `glfw3`
-- mujoco::FindOrFetch: checking for targets in package `glfw3` - target `glfw` not defined.
-- mujoco::FindOrFetch: Using FetchContent to retrieve `glfw3`
CMake Warning (dev) at /gpfs/admin/_hpc/sw/arch/AMD-ZEN2/RHEL9/EB_production/2025/software/CMake/3.31.3-GCCcore-14.2.0/share/cmake-3.31/Modules/FetchContent.cmake:1953 (message):
  Calling FetchContent_Populate(glfw3) is deprecated, call
  FetchContent_MakeAvailable(glfw3) instead.  Policy CMP0169 can be set to
  OLD to allow FetchContent_Populate(glfw3) to be called directly for now,
  but the ability to call it with declared details will be removed completely
  in a future version.
Call Stack (most recent call first):
  cmake/FindOrFetch.cmake:128 (FetchContent_Populate)
  simulate/cmake/SimulateDependencies.cmake:77 (findorfetch)
  simulate/CMakeLists.txt:65 (include)
This warning is for project developers.  Use -Wno-dev to suppress it.

-- Including Wayland support
-- Including X11 support
-- Looking for memfd_create
-- Looking for memfd_create - found
CMake Error at build/_deps/glfw3-src/src/CMakeLists.txt:76 (message):
  Failed to find wayland-scanner


-- Configuring incomplete, errors occurred!
