
$ cmake -S . -B build -DCMAKE_BUILD_TYPE=Release -DBUILD_TESTING=ON -DBUILD_TESTS=ON  (cwd=repos/OBCX)
-- Using GNU G++ compiler: /sw/arch/RHEL9/EB_production/2025/software/GCCcore/14.2.0/bin/g++
-- Using GNU GCC compiler: /sw/arch/RHEL9/EB_production/2025/software/GCCcore/14.2.0/bin/gcc
-- The CXX compiler identification is GNU 14.2.0
-- Detecting CXX compiler ABI info
-- Detecting CXX compiler ABI info - done
-- Check for working CXX compiler: /sw/arch/RHEL9/EB_production/2025/software/GCCcore/14.2.0/bin/g++ - skipped
-- Detecting CXX compile features
-- Detecting CXX compile features - done
-- Performing Test CMAKE_HAVE_LIBC_PTHREAD
-- Performing Test CMAKE_HAVE_LIBC_PTHREAD - Success
-- Found Threads: TRUE
CMake Error at CMakeLists.txt:134 (find_package):
  Could not find a package configuration file provided by "nlohmann_json"
  with any of the following names:

    nlohmann_jsonConfig.cmake
    nlohmann_json-config.cmake

  Add the installation prefix of "nlohmann_json" to CMAKE_PREFIX_PATH or set
  "nlohmann_json_DIR" to a directory containing one of the above files.  If
  "nlohmann_json" provides a separate development package or SDK, be sure it
  has been installed.


-- Configuring incomplete, errors occurred!
