
$ cmake -S . -B build -DCMAKE_BUILD_TYPE=Release -DBUILD_TESTING=ON -DBUILD_TESTS=ON  (cwd=repos/opensomeip)
-- The CXX compiler identification is GNU 14.2.0
-- Detecting CXX compiler ABI info
-- Detecting CXX compiler ABI info - done
-- Check for working CXX compiler: /sw/arch/RHEL9/EB_production/2025/software/GCCcore/14.2.0/bin/c++ - skipped
-- Detecting CXX compile features
-- Detecting CXX compile features - done
-- The C compiler identification is GNU 14.2.0
-- Detecting C compiler ABI info
-- Detecting C compiler ABI info - done
-- Check for working C compiler: /sw/arch/RHEL9/EB_production/2025/software/GCCcore/14.2.0/bin/cc - skipped
-- Detecting C compile features
-- Detecting C compile features - done
-- Found Python3: /usr/bin/python3.11 (found version "3.11.11") found components: Interpreter
-- Performing Test CMAKE_HAVE_LIBC_PTHREAD
-- Performing Test CMAKE_HAVE_LIBC_PTHREAD - Success
-- Found Threads: TRUE
-- Requirements targets available: traceability_docs, traceability_matrix, requirements_check, requirements_check_strict, spec_check, implementation_status, implementation_report (Sphinx not found - requirements_docs unavailable)
-- 
-- someip-stack 0.0.5 configuration summary:
--   Top-level build ......... ON
--   Platform backend:
--     Threading ............. POSIX
--     Networking ............ BSD sockets
--   Build tests ............. ON
--   Build examples .......... ON
--   Dev tools ............... ON
--   Renode tests ............ OFF
-- 
-- Configuring done (11.4s)
-- Generating done (2.1s)
CMake Warning:
  Manually-specified variables were not used by the project:

    BUILD_TESTING


-- Build files have been written to: /gpfs/work5/0/prjs2109/dataset/repos/opensomeip/build
