
$ cmake -S . -B build -DCMAKE_BUILD_TYPE=Release -DBUILD_TESTING=ON -DBUILD_TESTS=ON  (cwd=repos/paimon-cpp)
-- Building using CMake version: 3.31.3
-- The C compiler identification is GNU 14.2.0
-- The CXX compiler identification is GNU 14.2.0
-- Detecting C compiler ABI info
-- Detecting C compiler ABI info - done
-- Check for working C compiler: /sw/arch/RHEL9/EB_production/2025/software/GCCcore/14.2.0/bin/cc - skipped
-- Detecting C compile features
-- Detecting C compile features - done
-- Detecting CXX compiler ABI info
-- Detecting CXX compiler ABI info - done
-- Check for working CXX compiler: /sw/arch/RHEL9/EB_production/2025/software/GCCcore/14.2.0/bin/c++ - skipped
-- Detecting CXX compile features
-- Detecting CXX compile features - done
-- ccache not found, compiling without cache acceleration
-- System processor: x86_64
-- Paimon build warning level: PRODUCTION
Using ld linker
Configured for RELEASE build (set with cmake -DCMAKE_BUILD_TYPE={release,debug,...})
-- Build Type: RELEASE
-- CMAKE_C_FLAGS:  -O3 -DNDEBUG  -Werror -Wall 
-- CMAKE_CXX_FLAGS:  -Wno-noexcept-type -Wno-stringop-overflow -Wno-free-nonheap-object  -fdiagnostics-color=always -O3 -DNDEBUG  -Werror -Wall 
-- PAIMON_ZLIB_BUILD_VERSION: 1.3.1
-- PAIMON_ZLIB_BUILD_SHA256_CHECKSUM: 9a93b2b7dfdac77ceba5a558a580e74667dd6fede4585b91eefb60f03b72df23
-- PAIMON_ZLIB_PKG_NAME: zlib-1.3.1.tar.gz
-- PAIMON_ZSTD_BUILD_VERSION: 1.5.7
-- PAIMON_ZSTD_BUILD_SHA256_CHECKSUM: eb33e51f49a15e023950cd7825ca74a4a2b43db8354825ac24fc1b7ee09e6fa3
-- PAIMON_ZSTD_PKG_NAME: zstd-1.5.7.tar.gz
-- PAIMON_SNAPPY_BUILD_VERSION: 1.1.10
-- PAIMON_SNAPPY_BUILD_SHA256_CHECKSUM: 49d831bffcc5f3d01482340fe5af59852ca2fe76c3e05df0e67203ebbe0f1d90
-- PAIMON_SNAPPY_PKG_NAME: snappy-1.1.10.tar.gz
-- PAIMON_LZ4_BUILD_VERSION: v1.9.4
-- PAIMON_LZ4_BUILD_SHA256_CHECKSUM: 0b0e3aa07c8c063ddf40b082bdf7e37a1562bda40a0ff5272957f3e987e0e54b
-- PAIMON_LZ4_PKG_NAME: lz4-v1.9.4.tar.gz
-- PAIMON_PROTOBUF_BUILD_VERSION: 3.8.0
-- PAIMON_PROTOBUF_BUILD_SHA256_CHECKSUM: b7220b41481011305bf9100847cf294393973e869973a9661046601959b2960b
-- PAIMON_PROTOBUF_PKG_NAME: protobuf-3.8.0.tar.gz
-- PAIMON_TBB_BUILD_VERSION: v2021.13.0
-- PAIMON_TBB_BUILD_SHA256_CHECKSUM: 3ad5dd08954b39d113dc5b3f8a8dc6dc1fd5250032b7c491eb07aed5c94133e1
-- PAIMON_TBB_PKG_NAME: tbb-v2021.13.0.tar.gz
-- PAIMON_ORC_BUILD_VERSION: v2.1.1
-- PAIMON_ORC_BUILD_SHA256_CHECKSUM: 1f8eef537814fdcd003de13e49c6edb35427b45eb40bafd3355f775d99a0ff99
-- PAIMON_ORC_PKG_NAME: orc-v2.1.1.tar.gz
-- PAIMON_GTEST_BUILD_VERSION: 1.11.0
-- PAIMON_GTEST_BUILD_SHA256_CHECKSUM: b4870bf121ff7795ba20d20bcdd8627b8e088f2d1dab299a031c1034eddc93d5
-- PAIMON_GTEST_PKG_NAME: gtest-1.11.0.tar.gz
-- PAIMON_ARROW_BUILD_VERSION: 17.0.0
-- PAIMON_ARROW_BUILD_SHA256_CHECKSUM: 9d280d8042e7cf526f8c28d170d93bfab65e50f94569f6a790982a878d8d898d
-- PAIMON_ARROW_PKG_NAME: apache-arrow-17.0.0.tar.gz
-- PAIMON_AVRO_BUILD_VERSION: c499eefb48aa2db906c7bca14a047223806f36db
-- PAIMON_AVRO_BUILD_SHA256_CHECKSUM: 9771f1dcfe3c01aff7ff670e873e66d3406362f71941821d482de65f3d32d780
-- PAIMON_AVRO_PKG_NAME: avro-c499eefb48aa2db906c7bca14a047223806f36db.tar.gz
-- PAIMON_FMT_BUILD_VERSION: 11.2.0
-- PAIMON_FMT_BUILD_SHA256_CHECKSUM: bc23066d87ab3168f27cef3e97d545fa63314f5c79df5ea444d41d56f962c6af
-- PAIMON_FMT_PKG_NAME: fmt-11.2.0.tar.gz
-- PAIMON_GLOG_BUILD_VERSION: v0.7.1
-- PAIMON_GLOG_BUILD_SHA256_CHECKSUM: 00e4a87e87b7e7612f519a41e491f16623b12423620006f59f5688bfd8d13b08
-- PAIMON_GLOG_PKG_NAME: glog-v0.7.1.tar.gz
-- PAIMON_RE2_BUILD_VERSION: 2022-06-01
-- PAIMON_RE2_BUILD_SHA256_CHECKSUM: f89c61410a072e5cbcf8c27e3a778da7d6fd2f2b5b1445cd4f4508bee946ab0f
-- PAIMON_RE2_PKG_NAME: re2-2022-06-01.tar.gz
-- PAIMON_RAPIDJSON_BUILD_VERSION: 232389d4f1012dddec4ef84861face2d2ba85709
-- PAIMON_RAPIDJSON_BUILD_SHA256_CHECKSUM: b9290a9a6d444c8e049bd589ab804e0ccf2b05dc5984a19ed5ae75d090064806
-- PAIMON_RAPIDJSON_PKG_NAME: rapidjson-232389d4f1012dddec4ef84861face2d2ba85709.tar.gz
-- PAIMON_JINDOSDK_C_BUILD_VERSION: 6.10.2
-- PAIMON_JINDOSDK_C_LINUX_X86_64_BUILD_SHA256_CHECKSUM: 23e61c9815fab1cd88c369445bdbe1eab02cc09bafed3bb5118ecaf5b2fbc518
-- PAIMON_JINDOSDK_C_LINUX_X86_64_PKG_NAME: jindosdk-6.10.2-linux.tar.gz
-- PAIMON_JINDOSDK_C_LINUX_AARCH64_BUILD_SHA256_CHECKSUM: b4afbf6abaa9bad2e3c6bd6a02af2acd81f4dc418b313ef959e1c55f9fb13ebd
-- PAIMON_JINDOSDK_C_LINUX_AARCH64_PKG_NAME: jindosdk-6.10.2-linux-el7-aarch64.tar.gz
-- PAIMON_JINDOSDK_C_MACOS_X86_64_BUILD_SHA256_CHECKSUM: 3c79e2be018a486423fa63dd5ffe5a9a08477f9cf51ffdae81c0320e2190b489
-- PAIMON_JINDOSDK_C_MACOS_X86_64_PKG_NAME: jindosdk-6.10.2-macos-11_0-x86_64.tar.gz
-- PAIMON_JINDOSDK_C_MACOS_AARCH64_BUILD_SHA256_CHECKSUM: 7db9e47b7311f6ffcaa661a4d73c989640f9bbbbd2ad48e35788aa99d44759db
-- PAIMON_JINDOSDK_C_MACOS_AARCH64_PKG_NAME: jindosdk-6.10.2-macos-11_0-aarch64.tar.gz
-- PAIMON_LUCENE_BUILD_VERSION: 3.0.9
-- PAIMON_LUCENE_BUILD_SHA256_CHECKSUM: 4e69e29d5d79a976498ef71eab70c9c88c7014708be4450a9fda7780fe93584e
-- PAIMON_LUCENE_PKG_NAME: lucene-3.0.9.tar.gz
-- PAIMON_LIMONP_BUILD_VERSION: 1.0.1
-- PAIMON_LIMONP_BUILD_SHA256_CHECKSUM: c7b18794f020dbaa1006229b49a39217a463da0cb3586aee83eb7471f4ae71df
-- PAIMON_LIMONP_PKG_NAME: limonp-1.0.1.tar.gz
-- PAIMON_JIEBA_BUILD_VERSION: v5.6.0
-- PAIMON_JIEBA_BUILD_SHA256_CHECKSUM: e6e517b778e0f4a99cbed1ee3eaa041616b74bc685e03a6ca08887ad9cedfe49
-- PAIMON_JIEBA_PKG_NAME: jieba-v5.6.0.tar.gz
-- PAIMON_BOOST_BUILD_VERSION: 1_66_0
-- PAIMON_BOOST_BUILD_SHA256_CHECKSUM: 28e9200637800fbfd1292b2c6876189dba7e8e1c5282c71fac6515e96f7af2b0
-- PAIMON_BOOST_PKG_NAME: boost_1_66_0.tar.gz
-- Resolving fmt with AUTO source
-- System fmt not found; using bundled
-- Building fmt from source
-- Resolving RapidJSON with AUTO source
-- System RapidJSON not found; using bundled
-- Building RapidJSON from source
-- Defaulting zstd_SOURCE to BUNDLED: Arrow_SOURCE=AUTO uses bundled Arrow with project-specific patches
-- Defaulting Snappy_SOURCE to BUNDLED: Arrow_SOURCE=AUTO uses bundled Arrow with project-specific patches
-- Defaulting LZ4_SOURCE to BUNDLED: Arrow_SOURCE=AUTO uses bundled Arrow with project-specific patches
-- Defaulting ZLIB_SOURCE to BUNDLED: Arrow_SOURCE=AUTO uses bundled Arrow with project-specific patches
-- Defaulting RE2_SOURCE to BUNDLED: Arrow_SOURCE=AUTO uses bundled Arrow with project-specific patches
-- Defaulting Protobuf_SOURCE to BUNDLED: ORC_SOURCE=AUTO uses bundled ORC with project-specific patches
-- Using bundled RE2
-- Building RE2 from source
-- Using bundled Snappy
-- Building snappy from source
-- Using bundled zstd
-- Building zstd from source
-- Using bundled ZLIB
-- Building zlib from source
-- Using bundled LZ4
-- Building lz4 from source
-- Using bundled Arrow
-- Building Arrow from source
-- Resolving TBB with AUTO source
-- System TBB not found; using bundled
-- Building Tbb from source
-- Resolving glog with AUTO source
-- System glog not found; using bundled
-- Building glog from source
-- Resolving Avro with AUTO source
-- System Avro not found; using bundled
-- Building avro from source
-- Using bundled Protobuf
-- Building protobuf from source
-- Using bundled ORC
-- Building orc from source
-- PAIMON_RPATH value: 
-- ORC_RPATH value: 
ORC_STATIC_LIB IS /gpfs/work5/0/prjs2109/dataset/repos/paimon-cpp/build/orc_ep-prefix/lib/liborc.a
ORC_CMAKE_CXX_FLAGS  -Wno-noexcept-type -Wno-stringop-overflow -Wno-free-nonheap-object  -fdiagnostics-color=always -O3 -DNDEBUG   -Wall  -fPIC -Wno-error -Wno-sign-compare -Wno-ignored-attributes -D_GLIBCXX_USE_CXX11_ABI=1 -fPIC -Wno-error -O3 -DNDEBUG
ORC_CMAKE_C_FLAGS  -O3 -DNDEBUG  -Werror -Wall  -fPIC -fPIC -Wno-error -O3 -DNDEBUG
-- Performing Test CMAKE_HAVE_LIBC_PTHREAD
-- Performing Test CMAKE_HAVE_LIBC_PTHREAD - Success
-- Found Threads: TRUE
-- Dependency resolution summary:
--   fmt: requested=AUTO, actual=BUNDLED, target=fmt, root=<default search paths>
--   RapidJSON: requested=AUTO, actual=BUNDLED, target=RapidJSON, root=<default search paths>
--   RE2: requested=BUNDLED, actual=BUNDLED, target=re2::re2, root=<default search paths>
--   Snappy: requested=BUNDLED, actual=BUNDLED, target=snappy, root=<default search paths>
--   zstd: requested=BUNDLED, actual=BUNDLED, target=zstd, root=<default search paths>
--   ZLIB: requested=BUNDLED, actual=BUNDLED, target=zlib, root=<default search paths>
--   LZ4: requested=BUNDLED, actual=BUNDLED, target=lz4, root=<default search paths>
--   Arrow: requested=AUTO, actual=BUNDLED, target=arrow, root=<default search paths>
--   TBB: requested=AUTO, actual=BUNDLED, target=tbb, root=<default search paths>
--   glog: requested=AUTO, actual=BUNDLED, target=glog, root=<default search paths>
--   Avro: requested=AUTO, actual=BUNDLED, target=avro, root=<default search paths>
--   Protobuf: requested=BUNDLED, actual=BUNDLED, target=libprotobuf, root=<default search paths>
--   ORC: requested=AUTO, actual=BUNDLED, target=orc::orc, root=<default search paths>
-- ---------------------------------------------------------------------
-- Paimon version:                                 
-- 
-- Build configuration summary:
--   Generator: Unix Makefiles
--   Build type: RELEASE
--   Source directory: /gpfs/work5/0/prjs2109/dataset/repos/paimon-cpp
--   Install prefix: /usr/local
--   Install libdir: lib64
--   Compile commands: /gpfs/work5/0/prjs2109/dataset/repos/paimon-cpp/build/compile_commands.json
-- 
-- Compile and link options:
-- 
--   PAIMON_CXXFLAGS="" [default=""]
--       Compiler flags to append when compiling Paimon
--   PAIMON_BUILD_STATIC=ON [default=ON]
--       Build static libraries
--   PAIMON_BUILD_SHARED=ON [default=ON]
--       Build shared libraries
--   PAIMON_USE_CCACHE=ON [default=ON]
--       Use ccache when compiling (if available)
-- 
-- Test options:
-- 
--   PAIMON_BUILD_TESTS=OFF [default=OFF]
--       Build the Paimon googletest unit tests
-- 
-- Lint options:
-- 
--   PAIMON_VERBOSE_LINT=OFF [default=OFF]
--       If off, 'quiet' flags will be passed to linting tools
--   PAIMON_LINT_GIT_DIFF_MODE=ON [default=ON]
--       If on, only git-diff files will be passed to linting tools
--   PAIMON_LINT_GIT_TARGET_COMMIT=origin/main [default="origin/main"]
--       target commit/branch for comparison in git diff
--   PAIMON_GENERATE_COVERAGE=OFF [default=OFF]
--       Build with C++ code coverage enabled
-- 
-- Checks options:
-- 
--   PAIMON_USE_ASAN=OFF [default=OFF]
--       Enable Address Sanitizer checks
--   PAIMON_USE_TSAN=OFF [default=OFF]
--       Enable Thread Sanitizer checks
--   PAIMON_USE_UBSAN=OFF [default=OFF]
--       Enable Undefined Behaviour Sanitizer checks
-- 
-- Advanced developer options:
-- 
--   PAIMON_EXTRA_ERROR_CONTEXT=OFF [default=OFF]
--       Compile with extra error context (line numbers, code)
-- 
-- Dependencies options:
-- 
--   PAIMON_DEPENDENCY_SOURCE=AUTO [default=AUTO|BUNDLED|SYSTEM]
--       Default third-party dependency source
--   PAIMON_PACKAGE_PREFIX="" [default=""]
--       Default prefix used to find third-party packages
--   PAIMON_DEPENDENCY_USE_SHARED=OFF [default=OFF]
--       Prefer shared libraries for system third-party packages
--   Arrow_SOURCE="" [default=AUTO|BUNDLED]
--       Dependency source for Apache Arrow
--        SYSTEM is unsupported
--   zstd_SOURCE="" [default=AUTO|BUNDLED|SYSTEM]
--       Dependency source for zstd
--   Snappy_SOURCE="" [default=AUTO|BUNDLED|SYSTEM]
--       Dependency source for Snappy
--   LZ4_SOURCE="" [default=AUTO|BUNDLED|SYSTEM]
--       Dependency source for LZ4
--   ZLIB_SOURCE="" [default=AUTO|BUNDLED|SYSTEM]
--       Dependency source for ZLIB
--   RE2_SOURCE="" [default=AUTO|BUNDLED|SYSTEM]
--       Dependency source for RE2
--   Protobuf_SOURCE="" [default=AUTO|BUNDLED|SYSTEM]
--       Dependency source for Protobuf
--   ORC_SOURCE="" [default=AUTO|BUNDLED]
--       Dependency source for Apache ORC
--        SYSTEM is unsupported
--   fmt_SOURCE="" [default=AUTO|BUNDLED|SYSTEM]
--       Dependency source for fmt
--   RapidJSON_SOURCE="" [default=AUTO|BUNDLED|SYSTEM]
--       Dependency source for RapidJSON
--   TBB_SOURCE="" [default=AUTO|BUNDLED|SYSTEM]
--       Dependency source for TBB
--   glog_SOURCE="" [default=AUTO|BUNDLED|SYSTEM]
--       Dependency source for glog
--   Avro_SOURCE="" [default=AUTO|BUNDLED|SYSTEM]
--       Dependency source for Avro C++
--   GTest_SOURCE="" [default=AUTO|BUNDLED|SYSTEM]
--       Dependency source for GoogleTest
-- Configuring done (6.1s)
-- Generating done (2.6s)
CMake Warning:
  Manually-specified variables were not used by the project:

    BUILD_TESTING
    BUILD_TESTS


-- Build files have been written to: /gpfs/work5/0/prjs2109/dataset/repos/paimon-cpp/build
