
$ cmake -S . -B build -DCMAKE_BUILD_TYPE=Release -DBUILD_TESTING=ON -DBUILD_TESTS=ON  (cwd=repos/pomaidb)
-- The C compiler identification is GNU 14.2.0
-- The CXX compiler identification is GNU 14.2.0
-- Detecting C compiler ABI info
-- Detecting C compiler ABI info - done
-- Check for working C compiler: /sw/arch/RHEL9/EB_production/2025/software/GCCcore/14.2.0/bin/cc - skipped
-- Detecting C compile features
-- Detecting C compile features - done
-- Detecting CXX compiler ABI info
-- Detecting CXX compiler ABI info - done
-- Check for working CXX compiler: /sw/arch/RHEL9/EB_production/2025/software/GCCcore/14.2.0/bin/c++ - skipped
-- Detecting CXX compile features
-- Detecting CXX compile features - done
-- [pomai] Native HNSW: enabled
-- [pomai] Vulkan headers: /gpfs/work5/0/prjs2109/dataset/repos/pomaidb/third_party/vulkan/include
-- Found Git: /usr/bin/git (found version "2.47.3")
-- 
-- Architecture: x64
-- Performing Test pa_has_libpthread
-- Performing Test pa_has_libpthread - Success
-- Performing Test pa_has_librt
-- Performing Test pa_has_librt - Success
-- Performing Test pa_has_libatomic
-- Performing Test pa_has_libatomic - Success
-- 
-- Library name     : palloc
-- Version          : 2.2.7
-- Build type       : release
-- C Compiler       : /sw/arch/RHEL9/EB_production/2025/software/GCCcore/14.2.0/bin/cc
-- Compiler flags   : -Wall;-Wextra;-Wno-unknown-pragmas;-fvisibility=hidden;-Wstrict-prototypes;-ftls-model=initial-exec
-- Compiler defines : PA_CMAKE_BUILD_TYPE=release;PA_BUILD_RELEASE
-- Link libraries   : pthread;rt;atomic
-- Build targets    : static
-- 
-- Performing Test CMAKE_HAVE_LIBC_PTHREAD
-- Performing Test CMAKE_HAVE_LIBC_PTHREAD - Success
-- Found Threads: TRUE
-- Found OpenSSL: /sw/arch/RHEL9/EB_production/2025/software/OpenSSL/3/lib/libcrypto.so (found version "3.2.2")
-- Configuring done (10.7s)
-- Generating done (6.4s)
CMake Warning:
  Manually-specified variables were not used by the project:

    BUILD_TESTING
    BUILD_TESTS


-- Build files have been written to: /gpfs/work5/0/prjs2109/dataset/repos/pomaidb/build
