
$ cmake -S . -B build -DCMAKE_BUILD_TYPE=Release -DBUILD_TESTING=ON -DBUILD_TESTS=ON  (cwd=repos/pto-isa)
CMake Warning (dev) in CMakeLists.txt:
  No project() command is present.  The top-level CMakeLists.txt file must
  contain a literal, direct call to the project() command.  Add a line of
  code such as

    project(ProjectName)

  near the top of the file, but after cmake_minimum_required().

  CMake is pretending there is a "project(Project)" command on the first
  line.
This warning is for project developers.  Use -Wno-dev to suppress it.

CMake Warning (dev) in CMakeLists.txt:
  cmake_minimum_required() should be called prior to this top-level project()
  call.  Please see the cmake-commands(7) manual for usage documentation of
  both commands.
This warning is for project developers.  Use -Wno-dev to suppress it.

-- The C compiler identification is GNU 11.5.0
-- The CXX compiler identification is GNU 11.5.0
-- Detecting C compiler ABI info
-- Detecting C compiler ABI info - done
-- Check for working C compiler: /usr/bin/cc - skipped
-- Detecting C compile features
-- Detecting C compile features - done
-- Detecting CXX compiler ABI info
-- Detecting CXX compiler ABI info - done
-- Check for working CXX compiler: /usr/bin/c++ - skipped
-- Detecting CXX compile features
-- Detecting CXX compile features - done
-- Downloading makeself from https://gitcode.com/cann-src-third-party/makeself/releases/download/release-2.5.0-patch1.0/makeself-release-2.5.0-patch1.tar.gz
CMake Error at makeself-populate-prefix/tmp/makeself-populate-mkdirs.cmake:6 (file):
  file failed to create directory:

    /makeself

  because: Permission denied
Call Stack (most recent call first):
  /usr/share/cmake/Modules/ExternalProject.cmake:1693 (include)
  /usr/share/cmake/Modules/ExternalProject.cmake:4155 (_ep_set_directories)
  CMakeLists.txt:15 (ExternalProject_Add)


-- Configuring incomplete, errors occurred!

CMake Error at /usr/share/cmake/Modules/FetchContent.cmake:1610 (message):
  CMake step for makeself failed: 1
Call Stack (most recent call first):
  /usr/share/cmake/Modules/FetchContent.cmake:1762:EVAL:2 (__FetchContent_directPopulate)
  /usr/share/cmake/Modules/FetchContent.cmake:1762 (cmake_language)
  /usr/share/cmake/Modules/FetchContent.cmake:1976 (FetchContent_Populate)
  cmake/third_party/makeself-fetch.cmake:31 (FetchContent_MakeAvailable)
  cmake/package.cmake:13 (include)
  CMakeLists.txt:12 (include)


-- Configuring incomplete, errors occurred!
