
$ cmake -S . -B build -DCMAKE_BUILD_TYPE=Release -DBUILD_TESTING=ON -DBUILD_TESTS=ON  (cwd=repos/spt)
-- The C compiler identification is GNU 14.2.0
-- The CXX compiler identification is GNU 14.2.0
-- Detecting C compiler ABI info
-- Detecting C compiler ABI info - done
-- Check for working C compiler: /sw/arch/RHEL9/EB_production/2025/software/GCCcore/14.2.0/bin/cc - skipped
-- Detecting C compile features
-- Detecting C compile features - done
-- Detecting CXX compiler ABI info
-- Detecting CXX compiler ABI info - done
-- Check for working CXX compiler: /sw/arch/RHEL9/EB_production/2025/software/GCCcore/14.2.0/bin/c++ - skipped
-- Detecting CXX compile features
-- Detecting CXX compile features - done
-- Performing Test CMAKE_HAVE_LIBC_PTHREAD
-- Performing Test CMAKE_HAVE_LIBC_PTHREAD - Success
-- Found Threads: TRUE
-- C API test enabled: TestCApi
-- sptxx tests integration enabled.
-- Configuring done (3.7s)
-- Generating done (1.6s)
CMake Warning:
  Manually-specified variables were not used by the project:

    BUILD_TESTING


-- Build files have been written to: /gpfs/work5/0/prjs2109/dataset/repos/spt/build
